// Jest Snapshot v1, https://goo.gl/fbAQLP

exports[`PostList should render 1`] = `
<div>
  <div
    class="posts-list-wrapper"
  >
    <h1
      class="posts-list-wrapper__header"
    >
      Posts in 
      test-category
    </h1>
    <a
      class="post-wrapper"
      href="/posts/420-test-slug"
    >
      <article
        class="post post-animation-appear post-animation-appear-active"
        style="transition-delay: 75ms;"
      >
        <div
          class="post__header"
        >
          <div
            class="post__details"
          >
            <a
              class="post__link user-avatar"
              href="/authors/TestNameLastName"
            >
              <img
                alt="author-img"
                class="user__image"
                src="http://placekitten.com/200/"
              />
            </a>
            <div
              class="post__text-details"
            >
              <a
                class="post__link"
                href="/authors/TestNameLastName"
              >
                <div
                  class="post__owner"
                >
                  <span
                    class="animation"
                  >
                    TestName
                     
                    TestLastName
                  </span>
                </div>
              </a>
              <div
                class="post__date"
              >
                 28 Jan 01:16
              </div>
              <div
                class="post__is-public"
              />
            </div>
          </div>
          <div
            aria-describedby="tippy-tooltip-1"
            class="ToolTip"
            data-tooltipped=""
            style="display: inline;"
          >
            <button
              class="post__share-button"
            >
              <svg>
                share.svg
              </svg>
              <span
                class="post__share-text"
              >
                Share
              </span>
            </button>
          </div>
        </div>
        <div>
          <span
            class="post__title"
          >
            test-title
          </span>
        </div>
        <div
          class="post__body"
        >
          Test
        </div>
        <div
          class="post__footer"
        >
          <div
            class="post__categories"
          >
            <div
              class="post__single-category opacity-animation-appear opacity-animation-appear-active"
            >
              test-category
            </div>
          </div>
          <div
            class="post__reactions"
          >
            <div
              class="post__single-reaction"
            >
              <svg
                class="like"
              >
                like.svg
              </svg>
              <div
                class="reaction-number"
              >
                0
              </div>
            </div>
            <div
              class="post__single-reaction"
            >
              <svg
                class="funny"
              >
                funny.svg
              </svg>
              <div
                class="reaction-number"
              >
                0
              </div>
            </div>
            <div
              class="post__single-reaction"
            >
              <svg
                class="love"
              >
                love.svg
              </svg>
              <div
                class="reaction-number"
              >
                0
              </div>
            </div>
            <div
              class="post__single-reaction"
            >
              <svg
                class="surprised"
              >
                surprised.svg
              </svg>
              <div
                class="reaction-number"
              >
                0
              </div>
            </div>
          </div>
        </div>
      </article>
    </a>
    <a
      class="post-wrapper"
      href="/posts/421-test-slug"
    >
      <article
        class="post post-animation-appear post-animation-appear-active"
        style="transition-delay: 150ms;"
      >
        <div
          class="post__header"
        >
          <div
            class="post__details"
          >
            <a
              class="post__link user-avatar"
              href="/authors/TestNameLastName"
            >
              <img
                alt="author-img"
                class="user__image"
                src="http://placekitten.com/200/"
              />
            </a>
            <div
              class="post__text-details"
            >
              <a
                class="post__link"
                href="/authors/TestNameLastName"
              >
                <div
                  class="post__owner"
                >
                  <span
                    class="animation"
                  >
                    TestName2
                     
                    TestLastName
                  </span>
                </div>
              </a>
              <div
                class="post__date"
              >
                 28 Jan 01:16
              </div>
              <div
                class="post__is-public"
              />
            </div>
          </div>
          <div
            aria-describedby="tippy-tooltip-2"
            class="ToolTip"
            data-tooltipped=""
            style="display: inline;"
          >
            <button
              class="post__share-button"
            >
              <svg>
                share.svg
              </svg>
              <span
                class="post__share-text"
              >
                Share
              </span>
            </button>
          </div>
        </div>
        <div>
          <span
            class="post__title"
          >
            test-title
          </span>
        </div>
        <div
          class="post__body"
        >
          Test2
        </div>
        <div
          class="post__footer"
        >
          <div
            class="post__categories"
          >
            <div
              class="post__single-category opacity-animation-appear opacity-animation-appear-active"
            >
              test-category
            </div>
          </div>
          <div
            class="post__reactions"
          >
            <div
              class="post__single-reaction"
            >
              <svg
                class="like"
              >
                like.svg
              </svg>
              <div
                class="reaction-number"
              >
                0
              </div>
            </div>
            <div
              class="post__single-reaction"
            >
              <svg
                class="funny"
              >
                funny.svg
              </svg>
              <div
                class="reaction-number"
              >
                0
              </div>
            </div>
            <div
              class="post__single-reaction"
            >
              <svg
                class="love"
              >
                love.svg
              </svg>
              <div
                class="reaction-number"
              >
                0
              </div>
            </div>
            <div
              class="post__single-reaction"
            >
              <svg
                class="surprised"
              >
                surprised.svg
              </svg>
              <div
                class="reaction-number"
              >
                0
              </div>
            </div>
          </div>
        </div>
      </article>
    </a>
  </div>
</div>
`;
