// Jest Snapshot v1, https://goo.gl/fbAQLP

exports[`<PostsList/> renders properly 1`] = `
<DocumentFragment>
  <div
    class="posts"
  >
    <section
      class="post"
      data-testid="post-component"
    >
      <article>
        <a
          href="/posts/1"
        >
          <h1>
            title 
          </h1>
        </a>
        <p>
          adsfdf
        </p>
      </article>
      <button>
        Copy post Url
      </button>
      <p>
        like: 0
      </p>
      <p>
        funny: 0
      </p>
      <p>
        love: 0
      </p>
      <p>
        surprised: 0
      </p>
    </section>
    <section
      class="post"
      data-testid="post-component"
    >
      <article>
        <a
          href="/posts/2"
        >
          <h1>
            maciekdfd
          </h1>
        </a>
        <p>
          adfefsddf
        </p>
      </article>
      <button>
        Copy post Url
      </button>
      <p>
        like: 0
      </p>
      <p>
        funny: 0
      </p>
      <p>
        love: 0
      </p>
      <p>
        surprised: 0
      </p>
    </section>
  </div>
</DocumentFragment>
`;
